RUN /Users/larsdittinger/dev/modelovani_test_codex/character-lab/.venv/bin/python /Users/larsdittinger/dev/modelovani_test_codex/character-lab/tools/validate_elf_inputs.py
ELF INPUT PASS 17 part types 106 sections 9 source guards
RUN /Users/larsdittinger/dev/modelovani_test_codex/character-lab/.venv/bin/python /Users/larsdittinger/dev/modelovani_test_codex/character-lab/tools/elf_model.py
{'parts': 30, 'vertices': 97170, 'atlasSize': (2000, 3168), 'scale': 0.0026997840172786176, 'frontCenter': 281, 'sideOrigin': 756, 'backCenter': 1253, 'source': 'references/elf/turnaround.png; hand measured in config/elf-profiles.json', 'limitations': 'Authored unseen cloak and hair surfaces; projected facial detail; no facial deformation or cloth collision.'}
RUN /Applications/Blender.app/Contents/MacOS/Blender -b -t 4 --python-exit-code 1 --python /Users/larsdittinger/dev/modelovani_test_codex/character-lab/tools/elf_blender.py -- build
/Users/larsdittinger/dev/modelovani_test_codex/character-lab/tools/elf_blender.py:24: DeprecationWarning: 'Material.use_nodes' is expected to be removed in Blender 6.0
  clear();spec=json.loads((R/'assets/elf-model.json').read_text());mat=bpy.data.materials.new('Night elf / measured image projection');mat.use_nodes=True;nt=mat.node_tree;bs=nt.nodes.get('Principled BSDF');bs.inputs['Roughness'].default_value=.86;bs.inputs['Specular IOR Level'].default_value=.17
BlenderMCP: cannot start server in background mode (blender -b) - commands would never execute
BlenderMCP: run Blender with a GUI, or use a virtual display: xvfb-run -a blender
BlenderMCP addon registered
Info: Removed 48 vertices
Info: Removed 48 vertices
Info: Removed 112 vertices
Info: Removed 28 vertices
Info: Removed 28 vertices
Info: Removed 48 vertices
Info: Removed 48 vertices
Info: Removed 48 vertices
Info: Removed 48 vertices
Info: Removed 48 vertices
Info: Removed 48 vertices
Info: Removed 48 vertices
Info: Removed 48 vertices
Info: Removed 48 vertices
Info: Removed 48 vertices
Info: Removed 48 vertices
Info: Removed 48 vertices
Info: Removed 48 vertices
Info: Removed 48 vertices
Info: Removed 48 vertices
Info: Removed 48 vertices
Info: Removed 48 vertices
Info: Removed 48 vertices
Info: Removed 48 vertices
Info: Removed 48 vertices
Info: Removed 48 vertices
Info: Removed 48 vertices
Info: Removed 48 vertices
Info: Removed 48 vertices
Info: Removed 78 vertices
Info: Saved as "elf-static.blend"
INFO Draco is available, use library at /Applications/Blender.app/Contents/Resources/5.2/scripts/addons_core/io_scene_gltf2/libbf_intern_draco_bridge.dylib
INFO MeshOptimizer is available, use library at /Applications/Blender.app/Contents/Resources/5.2/scripts/addons_core/io_scene_gltf2/libbf_intern_meshopt_bridge.dylib
13:55:36 | INFO: Starting glTF 2.0 export
13:55:36 | INFO: Extracting primitive: Torso layered leather armor
13:55:36 | INFO: Primitives created: 1
13:55:36 | INFO: Finished glTF 2.0 export in 0.09082388877868652 s

ELF BUILD {'triangles': 61188, 'vertices': 30654, 'parts': 30, 'source': 'references/elf/turnaround.png'}
BlenderMCP server stopped
BlenderMCP addon unregistered
Blender 5.2.1 LTS (hash 9e2066aef7ef built 2026-08-25 01:35:57)

Blender quit
