RUN /Applications/Blender.app/Contents/MacOS/Blender -b -t 4 --python-exit-code 1 --python /Users/larsdittinger/dev/modelovani_test_codex/character-lab/tools/elf_blender.py -- render
BlenderMCP: cannot start server in background mode (blender -b) - commands would never execute
BlenderMCP: run Blender with a GUI, or use a virtual display: xvfb-run -a blender
BlenderMCP addon registered
13:57:02 | INFO: Data are loaded, start creating Blender stuff
13:57:02 | INFO: Blender create Mesh node Torso layered leather armor
13:57:02 | INFO: glTF import finished in 0.04s
/Users/larsdittinger/dev/modelovani_test_codex/character-lab/tools/elf_blender.py:105: DeprecationWarning: 'World.use_nodes' is expected to be removed in Blender 6.0
  w=bpy.data.worlds.new('Elf QA');w.use_nodes=True;w.node_tree.nodes['Background'].inputs[0].default_value=(.065,.085,.09,1);w.node_tree.nodes['Background'].inputs[1].default_value=.8;scene.world=w
00:03.263  render           | Saved: '/Users/larsdittinger/dev/modelovani_test_codex/character-lab/review/elf/body-front.png'
00:06.525  render           | Saved: '/Users/larsdittinger/dev/modelovani_test_codex/character-lab/review/elf/face-front.png'
00:09.432  render           | Saved: '/Users/larsdittinger/dev/modelovani_test_codex/character-lab/review/elf/body-3q.png'
00:13.674  render           | Saved: '/Users/larsdittinger/dev/modelovani_test_codex/character-lab/review/elf/face-3q.png'
00:15.977  render           | Saved: '/Users/larsdittinger/dev/modelovani_test_codex/character-lab/review/elf/body-side.png'
00:19.909  render           | Saved: '/Users/larsdittinger/dev/modelovani_test_codex/character-lab/review/elf/face-side.png'
00:22.707  render           | Saved: '/Users/larsdittinger/dev/modelovani_test_codex/character-lab/review/elf/body-back.png'
BlenderMCP server stopped
BlenderMCP addon unregistered
Blender 5.2.1 LTS (hash 9e2066aef7ef built 2026-08-25 01:35:57)

Blender quit
