BlenderMCP: cannot start server in background mode (blender -b) - commands would never execute
BlenderMCP: run Blender with a GUI, or use a virtual display: xvfb-run -a blender
BlenderMCP addon registered
12:41:21 | INFO: Data are loaded, start creating Blender stuff
12:41:21 | INFO: Blender create Mesh node Torso · shaped breastplate
12:41:21 | INFO: glTF import finished in 0.04s
/Users/larsdittinger/dev/modelovani_test_codex/character-lab/tools/render_faces.py:17: DeprecationWarning: 'World.use_nodes' is expected to be removed in Blender 6.0
  w=bpy.data.worlds.new('Face review');w.use_nodes=True;w.node_tree.nodes['Background'].inputs[0].default_value=(.07,.12,.13,1);w.node_tree.nodes['Background'].inputs[1].default_value=.8;s.world=w
00:03.722  render           | Saved: '/Users/larsdittinger/dev/modelovani_test_codex/character-lab/review/face-before-front.png'
00:07.748  render           | Saved: '/Users/larsdittinger/dev/modelovani_test_codex/character-lab/review/face-before-3q.png'
00:10.849  render           | Saved: '/Users/larsdittinger/dev/modelovani_test_codex/character-lab/review/face-before-side.png'
12:41:32 | INFO: Data are loaded, start creating Blender stuff
12:41:32 | INFO: Blender create Mesh node Torso · shaped breastplate
12:41:32 | INFO: glTF import finished in 0.03s
00:14.331  render           | Saved: '/Users/larsdittinger/dev/modelovani_test_codex/character-lab/review/face-baseline-front.png'
00:18.347  render           | Saved: '/Users/larsdittinger/dev/modelovani_test_codex/character-lab/review/face-baseline-3q.png'
00:21.548  render           | Saved: '/Users/larsdittinger/dev/modelovani_test_codex/character-lab/review/face-baseline-side.png'
12:41:42 | INFO: Data are loaded, start creating Blender stuff
12:41:42 | INFO: Blender create Mesh node Torso · shaped breastplate
12:41:42 | INFO: glTF import finished in 0.04s
00:25.109  render           | Saved: '/Users/larsdittinger/dev/modelovani_test_codex/character-lab/review/face-after-front.png'
00:29.395  render           | Saved: '/Users/larsdittinger/dev/modelovani_test_codex/character-lab/review/face-after-3q.png'
00:32.620  render           | Saved: '/Users/larsdittinger/dev/modelovani_test_codex/character-lab/review/face-after-side.png'
BlenderMCP server stopped
BlenderMCP addon unregistered
Blender 5.2.1 LTS (hash 9e2066aef7ef built 2026-08-25 01:35:57)

Blender quit
