RUN /Applications/Blender.app/Contents/MacOS/Blender -b -t 4 --python-exit-code 1 --python /Users/larsdittinger/dev/modelovani_test_codex/character-lab/tools/ranger_blender.py -- render
BlenderMCP: cannot start server in background mode (blender -b) - commands would never execute
BlenderMCP: run Blender with a GUI, or use a virtual display: xvfb-run -a blender
BlenderMCP addon registered
14:01:01 | INFO: Data are loaded, start creating Blender stuff
14:01:01 | INFO: Blender create Mesh node Torso fitted leather cuirass
14:01:01 | INFO: glTF import finished in 0.10s
/Users/larsdittinger/dev/modelovani_test_codex/character-lab/tools/ranger_blender.py:101: DeprecationWarning: 'World.use_nodes' is expected to be removed in Blender 6.0
  w=bpy.data.worlds.new('Ranger QA');w.use_nodes=True;w.node_tree.nodes['Background'].inputs[0].default_value=(.065,.085,.09,1);w.node_tree.nodes['Background'].inputs[1].default_value=.8;scene.world=w
00:05.345  render           | Saved: '/Users/larsdittinger/dev/modelovani_test_codex/character-lab/review/ranger/body-front.png'
00:11.908  render           | Saved: '/Users/larsdittinger/dev/modelovani_test_codex/character-lab/review/ranger/face-front.png'
00:16.572  render           | Saved: '/Users/larsdittinger/dev/modelovani_test_codex/character-lab/review/ranger/body-3q.png'
00:23.390  render           | Saved: '/Users/larsdittinger/dev/modelovani_test_codex/character-lab/review/ranger/face-3q.png'
00:28.002  render           | Saved: '/Users/larsdittinger/dev/modelovani_test_codex/character-lab/review/ranger/body-side.png'
00:34.671  render           | Saved: '/Users/larsdittinger/dev/modelovani_test_codex/character-lab/review/ranger/face-side.png'
00:39.225  render           | Saved: '/Users/larsdittinger/dev/modelovani_test_codex/character-lab/review/ranger/body-back.png'
BlenderMCP server stopped
BlenderMCP addon unregistered
Blender 5.2.1 LTS (hash 9e2066aef7ef built 2026-08-25 01:35:57)

Blender quit
